OK	1
OK	8
OK	7
OK	15
OK	7
OK	0
ERR	ArityException
ERR	ArityException
ERR	ArityException
ERR	ArityException
OK	9223372036854775807
OK	-1
OK	2
OK	1
OK	0
OK	0
ERR	CompilerException
OK	8
OK	-1
OK	13
ERR	ArityException
OK	true
OK	false
OK	true
OK	false
OK	4
OK	-2
ERR	ArityException
OK	9223372036854775804
OK	5
OK	7
OK	4
OK	1
OK	2
OK	1
OK	-9223372036854775808
OK	64
OK	0
OK	8
