OK	0.0
OK	1.5
OK	true
OK	true
OK	2.5
OK	1.5
OK	1.5
OK	java.lang.Double
OK	3
OK	3
OK	3
OK	3
OK	3
OK	true
OK	true
OK	false
OK	\a
OK	1.5M
OK	15
OK	java.math.BigInteger
OK	true
OK	true
OK	127
OK	32767
OK	2147483647
OK	9223372036854775807
OK	true
OK	1.7976931348623157E308
OK	"0.1000000000000000055511151231257827021181583404541015625"
OK	"0"
OK	:caught
OK	:caught
OK	:caught
OK	:caught
OK	:caught
OK	:caught
OK	:caught
OK	true
OK	false
OK	java.lang.Float
OK	1069547520
OK	3
OK	3
OK	java.lang.Long
OK	:caught
OK	:caught
OK	nil
OK	:caught
OK	java.lang.Long
OK	java.lang.Long
OK	true
OK	double/1
OK	true
OK	:caught
OK	int/1
OK	true
OK	boolean/1
OK	byte/1
OK	char/1
OK	short/1
OK	float/1
OK	long/1
