OK	#'user/greet123
OK	:ok
OK	:ok
OK	:ok
OK	"hello"
OK	"bonjour"
OK	:ok
OK	"?"
OK	true
OK	"hello"
OK	true
OK	nil
OK	nil
OK	#'user/area456
OK	:ok
OK	:ok
OK	:ok
OK	:rect
OK	true
OK	:got-x
OK	#'user/strict123
OK	:ok
OK	#'user/mm2-classy
OK	:ok
OK	:ok
OK	:ok
OK	:string
OK	:number
OK	:other
OK	true
OK	#'user/mm2-noredef
OK	:ok
OK	nil
OK	:a
OK	#'user/mm2-remall
OK	:ok
OK	:ok
OK	{}
OK	nil
OK	#'user/mm2-area
OK	:ok
OK	:ok
OK	:rect
OK	nil
OK	nil
OK	#'user/mm2-area2
OK	:ok
OK	:ok
ERR	IllegalArgumentException
OK	#'user/mm2-strict2
OK	:ok
ERR	IllegalArgumentException
OK	nil
OK	true
OK	false
OK	true
OK	:ok
OK	true
OK	false
OK	#{:mm2/hy}
OK	#{:mm2/hy}
OK	#{:mm2/hx}
OK	true
ERR	AssertionError
OK	nil
OK	false
