OK	nil
OK	true
OK	nil
OK	#{1 2}
OK	nil
OK	true
OK	true
OK	nil
OK	"user"
OK	clojure.lang.Namespace
OK	user
OK	clojure.lang.Symbol
OK	"user"
OK	false
OK	user
OK	user
OK	true
OK	true
OK	clojure.core
OK	user
OK	true
OK	true
OK	true
OK	true
OK	true
OK	true
OK	true
OK	java.lang.Long
OK	java.lang.Class
OK	java.lang.Integer
OK	java.lang.Class
OK	java.lang.Class
ERR	ClassNotFoundException
ERR	ClassNotFoundException
OK	user
OK	"user"
OK	clojure.core
OK	true
OK	true
OK	true
OK	nil
OK	nil
OK	nil
OK	true
