OK	:defined
OK	:defined
OK	5
OK	java.lang.Long
OK	7
OK	7
OK	7
OK	5
OK	java.lang.Long
OK	5
OK	9223372036854775807
ERR	IllegalArgumentException
ERR	IllegalArgumentException
OK	1
OK	2
OK	-1
OK	1
OK	0
OK	9223372036854774784
ERR	IllegalArgumentException
ERR	IllegalArgumentException
ERR	IllegalArgumentException
ERR	IllegalArgumentException
OK	1
OK	-3
OK	2
OK	1
OK	1
OK	1
OK	-1
ERR	IllegalArgumentException
ERR	ClassCastException
ERR	ClassCastException
ERR	ClassCastException
ERR	NullPointerException
ERR	ClassCastException
ERR	ClassCastException
ERR	ClassCastException
ERR	ClassCastException
OK	1.0
OK	java.lang.Double
OK	5.0
OK	1.0E23
OK	1.5
OK	1.5
OK	1.5
OK	1.5
ERR	ClassCastException
ERR	ClassCastException
ERR	ClassCastException
ERR	NullPointerException
ERR	ClassCastException
OK	5N
OK	5N
OK	5N
OK	5N
OK	5
OK	5
OK	5
OK	5
OK	5.0
OK	1
OK	5
OK	[5 6.0]
OK	7
OK	[7 8.0]
OK	5
OK	(5 6)
OK	5
OK	5
OK	5
OK	0
OK	5N
OK	3N
OK	:iae
OK	:iae
OK	:cce
OK	:cce
OK	:cce
OK	:npe
OK	:npe
