OK	"-0.0"
OK	"100000.0"
OK	"1000000.0"
OK	"\\newline"
OK	"\\tab"
OK	"\"tab\\tnewline\\n\""
OK	"\"quote\\\"backslash\\\\\""
OK	true
OK	true
OK	true
OK	true
OK	true
OK	true
OK	"#\"a.b\""
OK	"a.b"
OK	"()"
OK	"[]"
OK	"{}"
OK	"1.0E10"
OK	"1.0E-10"
OK	"1.0E300"
OK	"1.23456789E20"
OK	"##NaN"
OK	"##Inf"
OK	"##-Inf"
OK	"1.0E7"
OK	"1/3"
OK	"1/3"
OK	"7N"
OK	"7"
OK	"1.5M"
OK	"1.50M"
OK	"1.5"
OK	"1E+3M"
OK	"0.00M"
OK	"12345678901234567890N"
OK	"[1/3 7N 1.5M]"
OK	"[1/3 7N 1.5M]"
OK	"[\"a\"]"
OK	"#'clojure.core/+"
OK	"#'clojure.core/+"
OK	"\\backspace"
OK	"\\formfeed"
OK	"\"\\b\""
OK	"\"\\f\""
OK	"#:foo{:a 1}"
OK	"4.9E-324"
