ERR	RuntimeException
ERR	RuntimeException
ERR	RuntimeException
ERR	RuntimeException
OK	1
OK	1
OK	99
OK	1
OK	1
OK	1
OK	[1 3]
OK	[1 3]
OK	[1 3]
OK	[1 10 20 9]
OK	{:a 1, :b 2, :c 3}
OK	[1 4]
OK	{:a 1, :c 3}
ERR	RuntimeException
ERR	RuntimeException
OK	[1 [10] 2]
OK	[1 [10 20] 2]
OK	[1 3]
OK	1
OK	[1 1 9]
OK	[1 1 9]
ERR	RuntimeException
