OK	java.lang.Long
OK	java.lang.Double
OK	java.lang.String
OK	clojure.lang.Keyword
OK	clojure.lang.Symbol
OK	clojure.lang.PersistentVector
OK	clojure.lang.PersistentList
OK	clojure.lang.PersistentArrayMap
OK	clojure.lang.PersistentHashSet
OK	clojure.lang.BigInt
OK	clojure.lang.Ratio
OK	java.math.BigDecimal
OK	java.lang.Character
OK	java.lang.Boolean
OK	nil
OK	clojure.lang.LazySeq
OK	"java.lang.Long"
OK	true
OK	false
OK	true
OK	true
OK	true
OK	true
OK	true
OK	false
OK	true
OK	true
OK	true
OK	true
OK	true
OK	false
OK	false
OK	false
OK	false
OK	false
OK	true
OK	true
OK	false
OK	java.lang.Long
OK	java.lang.String
