ERR	IllegalArgumentException
ERR	IllegalArgumentException
ERR	IllegalArgumentException
ERR	IllegalArgumentException
ERR	CompilerException
ERR	CompilerException
ERR	IllegalArgumentException
ERR	CompilerException
ERR	IllegalArgumentException
ERR	CompilerException
ERR	CompilerException
ERR	CompilerException
ERR	CompilerException
ERR	IllegalArgumentException
